// Jest Snapshot v1, https://goo.gl/fbAQLP

exports[`links headerLinks should match snapshot 1`] = `
[
  {
    "href": "/skills",
    "label": "Skills",
  },
  {
    "href": "/experiences",
    "label": "Experiences",
  },
  {
    "href": "/projects",
    "label": "Projects",
  },
]
`;

exports[`links socialMedias should match snapshot 1`] = `
[
  {
    "icon": <MarkGithub />,
    "link": "https://github.com/gabrielrg14/",
    "name": "GitHub",
  },
  {
    "icon": <Linkedin />,
    "link": "https://www.linkedin.com/in/gabrielrapuccigonzalez/",
    "name": "LinkedIn",
  },
  {
    "icon": <Instagram />,
    "link": "https://www.instagram.com/gabriel_rapucci/",
    "name": "Instagram",
  },
  {
    "icon": <Whatsapp />,
    "link": "https://api.whatsapp.com/send/?phone=5519981392516&text&type=phone_number&app_absent=0/",
    "name": "WhatsApp",
  },
]
`;
