// Jest Snapshot v1, https://goo.gl/fbAQLP

exports[`techs knowledgeTechs should match snapshot 1`] = `
[
  "react-native",
  "expo",
  "redux",
  "vuejs",
  "tailwindcss",
  "nodejs",
  "docker",
]
`;

exports[`techs knownTechs should match snapshot 1`] = `
[
  "html",
  "css",
  "javascript",
  "typescript",
  "react",
  "nextjs",
  "styled-components",
  "bootstrap",
  "jest",
  "testing-library",
  "cypress",
  "git",
  "github",
  "github-actions",
]
`;

exports[`techs potentialTechs should match snapshot 1`] = `
[
  "storybook",
  "aws",
]
`;

exports[`techs studyingTechs should match snapshot 1`] = `
[
  "nestjs",
]
`;
